Archive member included to satisfy reference by file (symbol)

d:/st/stm32cubeide_1.4.0/stm32cubeide/plugins/com.st.stm32cube.ide.mcu.externaltools.gnu-tools-for-stm32.7-2018-q2-update.win32_1.4.0.202007081208/tools/bin/../lib/gcc/arm-none-eabi/7.3.1/../../../../arm-none-eabi/lib/thumb/v7e-m/fpv4-sp/hard\libc_nano.a(lib_a-errno.o)
                              Core/Src/syscalls.o (__errno)
d:/st/stm32cubeide_1.4.0/stm32cubeide/plugins/com.st.stm32cube.ide.mcu.externaltools.gnu-tools-for-stm32.7-2018-q2-update.win32_1.4.0.202007081208/tools/bin/../lib/gcc/arm-none-eabi/7.3.1/../../../../arm-none-eabi/lib/thumb/v7e-m/fpv4-sp/hard\libc_nano.a(lib_a-exit.o)
                              d:/st/stm32cubeide_1.4.0/stm32cubeide/plugins/com.st.stm32cube.ide.mcu.externaltools.gnu-tools-for-stm32.7-2018-q2-update.win32_1.4.0.202007081208/tools/bin/../lib/gcc/arm-none-eabi/7.3.1/../../../../arm-none-eabi/lib/thumb/v7e-m/fpv4-sp/hard/crt0.o (exit)
d:/st/stm32cubeide_1.4.0/stm32cubeide/plugins/com.st.stm32cube.ide.mcu.externaltools.gnu-tools-for-stm32.7-2018-q2-update.win32_1.4.0.202007081208/tools/bin/../lib/gcc/arm-none-eabi/7.3.1/../../../../arm-none-eabi/lib/thumb/v7e-m/fpv4-sp/hard\libc_nano.a(lib_a-impure.o)
                              d:/st/stm32cubeide_1.4.0/stm32cubeide/plugins/com.st.stm32cube.ide.mcu.externaltools.gnu-tools-for-stm32.7-2018-q2-update.win32_1.4.0.202007081208/tools/bin/../lib/gcc/arm-none-eabi/7.3.1/../../../../arm-none-eabi/lib/thumb/v7e-m/fpv4-sp/hard\libc_nano.a(lib_a-exit.o) (_global_impure_ptr)
d:/st/stm32cubeide_1.4.0/stm32cubeide/plugins/com.st.stm32cube.ide.mcu.externaltools.gnu-tools-for-stm32.7-2018-q2-update.win32_1.4.0.202007081208/tools/bin/../lib/gcc/arm-none-eabi/7.3.1/../../../../arm-none-eabi/lib/thumb/v7e-m/fpv4-sp/hard\libc_nano.a(lib_a-init.o)
                              d:/st/stm32cubeide_1.4.0/stm32cubeide/plugins/com.st.stm32cube.ide.mcu.externaltools.gnu-tools-for-stm32.7-2018-q2-update.win32_1.4.0.202007081208/tools/bin/../lib/gcc/arm-none-eabi/7.3.1/../../../../arm-none-eabi/lib/thumb/v7e-m/fpv4-sp/hard/crt0.o (__libc_init_array)
d:/st/stm32cubeide_1.4.0/stm32cubeide/plugins/com.st.stm32cube.ide.mcu.externaltools.gnu-tools-for-stm32.7-2018-q2-update.win32_1.4.0.202007081208/tools/bin/../lib/gcc/arm-none-eabi/7.3.1/../../../../arm-none-eabi/lib/thumb/v7e-m/fpv4-sp/hard\libc_nano.a(lib_a-memset.o)
                              d:/st/stm32cubeide_1.4.0/stm32cubeide/plugins/com.st.stm32cube.ide.mcu.externaltools.gnu-tools-for-stm32.7-2018-q2-update.win32_1.4.0.202007081208/tools/bin/../lib/gcc/arm-none-eabi/7.3.1/../../../../arm-none-eabi/lib/thumb/v7e-m/fpv4-sp/hard/crt0.o (memset)
d:/st/stm32cubeide_1.4.0/stm32cubeide/plugins/com.st.stm32cube.ide.mcu.externaltools.gnu-tools-for-stm32.7-2018-q2-update.win32_1.4.0.202007081208/tools/bin/../lib/gcc/arm-none-eabi/7.3.1/../../../../arm-none-eabi/lib/thumb/v7e-m/fpv4-sp/hard\libc_nano.a(lib_a-sprintf.o)
                              Core/Src/main.o (sprintf)
d:/st/stm32cubeide_1.4.0/stm32cubeide/plugins/com.st.stm32cube.ide.mcu.externaltools.gnu-tools-for-stm32.7-2018-q2-update.win32_1.4.0.202007081208/tools/bin/../lib/gcc/arm-none-eabi/7.3.1/../../../../arm-none-eabi/lib/thumb/v7e-m/fpv4-sp/hard\libc_nano.a(lib_a-strlen.o)
                              Core/Src/main.o (strlen)
d:/st/stm32cubeide_1.4.0/stm32cubeide/plugins/com.st.stm32cube.ide.mcu.externaltools.gnu-tools-for-stm32.7-2018-q2-update.win32_1.4.0.202007081208/tools/bin/../lib/gcc/arm-none-eabi/7.3.1/../../../../arm-none-eabi/lib/thumb/v7e-m/fpv4-sp/hard\libc_nano.a(lib_a-nano-svfprintf.o)
                              d:/st/stm32cubeide_1.4.0/stm32cubeide/plugins/com.st.stm32cube.ide.mcu.externaltools.gnu-tools-for-stm32.7-2018-q2-update.win32_1.4.0.202007081208/tools/bin/../lib/gcc/arm-none-eabi/7.3.1/../../../../arm-none-eabi/lib/thumb/v7e-m/fpv4-sp/hard\libc_nano.a(lib_a-sprintf.o) (_svfprintf_r)
d:/st/stm32cubeide_1.4.0/stm32cubeide/plugins/com.st.stm32cube.ide.mcu.externaltools.gnu-tools-for-stm32.7-2018-q2-update.win32_1.4.0.202007081208/tools/bin/../lib/gcc/arm-none-eabi/7.3.1/../../../../arm-none-eabi/lib/thumb/v7e-m/fpv4-sp/hard\libc_nano.a(lib_a-nano-vfprintf_i.o)
                              d:/st/stm32cubeide_1.4.0/stm32cubeide/plugins/com.st.stm32cube.ide.mcu.externaltools.gnu-tools-for-stm32.7-2018-q2-update.win32_1.4.0.202007081208/tools/bin/../lib/gcc/arm-none-eabi/7.3.1/../../../../arm-none-eabi/lib/thumb/v7e-m/fpv4-sp/hard\libc_nano.a(lib_a-nano-svfprintf.o) (_printf_i)
d:/st/stm32cubeide_1.4.0/stm32cubeide/plugins/com.st.stm32cube.ide.mcu.externaltools.gnu-tools-for-stm32.7-2018-q2-update.win32_1.4.0.202007081208/tools/bin/../lib/gcc/arm-none-eabi/7.3.1/../../../../arm-none-eabi/lib/thumb/v7e-m/fpv4-sp/hard\libc_nano.a(lib_a-memchr.o)
[...]
Memory Configuration

Name             Origin             Length             Attributes
RAM              0x0000000020000000 0x0000000000020000 xrw
FLASH            0x0000000008000000 0x0000000000080000 xr
*default*        0x0000000000000000 0xffffffffffffffff

Linker script and memory map

LOAD d:/st/stm32cubeide_1.4.0/stm32cubeide/plugins/com.st.stm32cube.ide.mcu.externaltools.gnu-tools-for-stm32.7-2018-q2-update.win32_1.4.0.202007081208/tools/bin/../lib/gcc/arm-none-eabi/7.3.1/thumb/v7e-m/fpv4-sp/hard/crti.o
LOAD d:/st/stm32cubeide_1.4.0/stm32cubeide/plugins/com.st.stm32cube.ide.mcu.externaltools.gnu-tools-for-stm32.7-2018-q2-update.win32_1.4.0.202007081208/tools/bin/../lib/gcc/arm-none-eabi/7.3.1/thumb/v7e-m/fpv4-sp/hard/crtbegin.o
LOAD d:/st/stm32cubeide_1.4.0/stm32cubeide/plugins/com.st.stm32cube.ide.mcu.externaltools.gnu-tools-for-stm32.7-2018-q2-update.win32_1.4.0.202007081208/tools/bin/../lib/gcc/arm-none-eabi/7.3.1/../../../../arm-none-eabi/lib/thumb/v7e-m/fpv4-sp/hard/crt0.o
LOAD Core/Src/main.o
LOAD Core/Src/stm32f4xx_hal_msp.o
LOAD Core/Src/stm32f4xx_it.o
LOAD Core/Src/syscalls.o
LOAD Core/Src/sysmem.o
LOAD Core/Src/system_stm32f4xx.o
LOAD Core/Startup/startup_stm32f411retx.o
LOAD Drivers/STM32F4xx_HAL_Driver/Src/stm32f4xx_hal.o
LOAD Drivers/STM32F4xx_HAL_Driver/Src/stm32f4xx_hal_adc.o
LOAD Drivers/STM32F4xx_HAL_Driver/Src/stm32f4xx_hal_adc_ex.o
LOAD Drivers/STM32F4xx_HAL_Driver/Src/stm32f4xx_hal_cortex.o
LOAD Drivers/STM32F4xx_HAL_Driver/Src/stm32f4xx_hal_dma.o
LOAD Drivers/STM32F4xx_HAL_Driver/Src/stm32f4xx_hal_dma_ex.o
LOAD Drivers/STM32F4xx_HAL_Driver/Src/stm32f4xx_hal_exti.o
LOAD Drivers/STM32F4xx_HAL_Driver/Src/stm32f4xx_hal_flash.o
LOAD Drivers/STM32F4xx_HAL_Driver/Src/stm32f4xx_hal_flash_ex.o
LOAD Drivers/STM32F4xx_HAL_Driver/Src/stm32f4xx_hal_flash_ramfunc.o
LOAD Drivers/STM32F4xx_HAL_Driver/Src/stm32f4xx_hal_gpio.o
LOAD Drivers/STM32F4xx_HAL_Driver/Src/stm32f4xx_hal_pwr.o
LOAD Drivers/STM32F4xx_HAL_Driver/Src/stm32f4xx_hal_pwr_ex.o
LOAD Drivers/STM32F4xx_HAL_Driver/Src/stm32f4xx_hal_rcc.o
LOAD Drivers/STM32F4xx_HAL_Driver/Src/stm32f4xx_hal_rcc_ex.o
LOAD Drivers/STM32F4xx_HAL_Driver/Src/stm32f4xx_hal_tim.o
LOAD Drivers/STM32F4xx_HAL_Driver/Src/stm32f4xx_hal_tim_ex.o
LOAD Drivers/STM32F4xx_HAL_Driver/Src/stm32f4xx_hal_uart.o
START GROUP
LOAD d:/st/stm32cubeide_1.4.0/stm32cubeide/plugins/com.st.stm32cube.ide.mcu.externaltools.gnu-tools-for-stm32.7-2018-q2-update.win32_1.4.0.202007081208/tools/bin/../lib/gcc/arm-none-eabi/7.3.1/../../../../arm-none-eabi/lib/thumb/v7e-m/fpv4-sp/hard\libc_nano.a
LOAD d:/st/stm32cubeide_1.4.0/stm32cubeide/plugins/com.st.stm32cube.ide.mcu.externaltools.gnu-tools-for-stm32.7-2018-q2-update.win32_1.4.0.202007081208/tools/bin/../lib/gcc/arm-none-eabi/7.3.1/../../../../arm-none-eabi/lib/thumb/v7e-m/fpv4-sp/hard\libm.a
END GROUP
START GROUP
LOAD d:/st/stm32cubeide_1.4.0/stm32cubeide/plugins/com.st.stm32cube.ide.mcu.externaltools.gnu-tools-for-stm32.7-2018-q2-update.win32_1.4.0.202007081208/tools/bin/../lib/gcc/arm-none-eabi/7.3.1/thumb/v7e-m/fpv4-sp/hard\libgcc.a
LOAD d:/st/stm32cubeide_1.4.0/stm32cubeide/plugins/com.st.stm32cube.ide.mcu.externaltools.gnu-tools-for-stm32.7-2018-q2-update.win32_1.4.0.202007081208/tools/bin/../lib/gcc/arm-none-eabi/7.3.1/../../../../arm-none-eabi/lib/thumb/v7e-m/fpv4-sp/hard\libc_nano.a
END GROUP
START GROUP
LOAD d:/st/stm32cubeide_1.4.0/stm32cubeide/plugins/com.st.stm32cube.ide.mcu.externaltools.gnu-tools-for-stm32.7-2018-q2-update.win32_1.4.0.202007081208/tools/bin/../lib/gcc/arm-none-eabi/7.3.1/thumb/v7e-m/fpv4-sp/hard\libgcc.a
LOAD d:/st/stm32cubeide_1.4.0/stm32cubeide/plugins/com.st.stm32cube.ide.mcu.externaltools.gnu-tools-for-stm32.7-2018-q2-update.win32_1.4.0.202007081208/tools/bin/../lib/gcc/arm-none-eabi/7.3.1/../../../../arm-none-eabi/lib/thumb/v7e-m/fpv4-sp/hard\libc_nano.a
LOAD d:/st/stm32cubeide_1.4.0/stm32cubeide/plugins/com.st.stm32cube.ide.mcu.externaltools.gnu-tools-for-stm32.7-2018-q2-update.win32_1.4.0.202007081208/tools/bin/../lib/gcc/arm-none-eabi/7.3.1/../../../../arm-none-eabi/lib/thumb/v7e-m/fpv4-sp/hard\libnosys.a
END GROUP
START GROUP
LOAD d:/st/stm32cubeide_1.4.0/stm32cubeide/plugins/com.st.stm32cube.ide.mcu.externaltools.gnu-tools-for-stm32.7-2018-q2-update.win32_1.4.0.202007081208/tools/bin/../lib/gcc/arm-none-eabi/7.3.1/thumb/v7e-m/fpv4-sp/hard\libgcc.a
LOAD d:/st/stm32cubeide_1.4.0/stm32cubeide/plugins/com.st.stm32cube.ide.mcu.externaltools.gnu-tools-for-stm32.7-2018-q2-update.win32_1.4.0.202007081208/tools/bin/../lib/gcc/arm-none-eabi/7.3.1/../../../../arm-none-eabi/lib/thumb/v7e-m/fpv4-sp/hard\libc_nano.a
LOAD d:/st/stm32cubeide_1.4.0/stm32cubeide/plugins/com.st.stm32cube.ide.mcu.externaltools.gnu-tools-for-stm32.7-2018-q2-update.win32_1.4.0.202007081208/tools/bin/../lib/gcc/arm-none-eabi/7.3.1/../../../../arm-none-eabi/lib/thumb/v7e-m/fpv4-sp/hard\libnosys.a
END GROUP
LOAD d:/st/stm32cubeide_1.4.0/stm32cubeide/plugins/com.st.stm32cube.ide.mcu.externaltools.gnu-tools-for-stm32.7-2018-q2-update.win32_1.4.0.202007081208/tools/bin/../lib/gcc/arm-none-eabi/7.3.1/thumb/v7e-m/fpv4-sp/hard/crtend.o
LOAD d:/st/stm32cubeide_1.4.0/stm32cubeide/plugins/com.st.stm32cube.ide.mcu.externaltools.gnu-tools-for-stm32.7-2018-q2-update.win32_1.4.0.202007081208/tools/bin/../lib/gcc/arm-none-eabi/7.3.1/thumb/v7e-m/fpv4-sp/hard/crtn.o
                0x0000000020020000                _estack = (ORIGIN (RAM) + LENGTH (RAM))
                0x0000000000000200                _Min_Heap_Size = 0x200
                0x0000000000000400                _Min_Stack_Size = 0x400

.isr_vector     0x0000000008000000      0x198
                0x0000000008000000                . = ALIGN (0x4)
 *(.isr_vector)
 .isr_vector    0x0000000008000000      0x198 Core/Startup/startup_stm32f411retx.o
                0x0000000008000000                g_pfnVectors
                0x0000000008000198                . = ALIGN (0x4)

.text           0x00000000080001a0     0x3d28
                0x00000000080001a0                . = ALIGN (0x4)
 *(.text)
 .text          0x00000000080001a0       0x40 d:/st/stm32cubeide_1.4.0/stm32cubeide/plugins/com.st.stm32cube.ide.mcu.externaltools.gnu-tools-for-stm32.7-2018-q2-update.win32_1.4.0.202007081208/tools/bin/../lib/gcc/arm-none-eabi/7.3.1/thumb/v7e-m/fpv4-sp/hard/crtbegin.o
 .text          0x00000000080001e0       0x10 d:/st/stm32cubeide_1.4.0/stm32cubeide/plugins/com.st.stm32cube.ide.mcu.externaltools.gnu-tools-for-stm32.7-2018-q2-update.win32_1.4.0.202007081208/tools/bin/../lib/gcc/arm-none-eabi/7.3.1/../../../../arm-none-eabi/lib/thumb/v7e-m/fpv4-sp/hard\libc_nano.a(lib_a-strlen.o)
                0x00000000080001e0                strlen
 .text          0x00000000080001f0       0xa0 d:/st/stm32cubeide_1.4.0/stm32cubeide/plugins/com.st.stm32cube.ide.mcu.externaltools.gnu-tools-for-stm32.7-2018-q2-update.win32_1.4.0.202007081208/tools/bin/../lib/gcc/arm-none-eabi/7.3.1/../../../../arm-none-eabi/lib/thumb/v7e-m/fpv4-sp/hard\libc_nano.a(lib_a-memchr.o)
                0x00000000080001f0                memchr
 .text          0x0000000008000290       0x30 d:/st/stm32cubeide_1.4.0/stm32cubeide/plugins/com.st.stm32cube.ide.mcu.externaltools.gnu-tools-for-stm32.7-2018-q2-update.win32_1.4.0.202007081208/tools/bin/../lib/gcc/arm-none-eabi/7.3.1/thumb/v7e-m/fpv4-sp/hard\libgcc.a(_aeabi_uldivmod.o)
                0x0000000008000290                __aeabi_uldivmod
 .text          0x00000000080002c0      0x2cc d:/st/stm32cubeide_1.4.0/stm32cubeide/plugins/com.st.stm32cube.ide.mcu.externaltools.gnu-tools-for-stm32.7-2018-q2-update.win32_1.4.0.202007081208/tools/bin/../lib/gcc/arm-none-eabi/7.3.1/thumb/v7e-m/fpv4-sp/hard\libgcc.a(_udivmoddi4.o)
                0x00000000080002c0                __udivmoddi4
 .text          0x000000000800058c        0x4 d:/st/stm32cubeide_1.4.0/stm32cubeide/plugins/com.st.stm32cube.ide.mcu.externaltools.gnu-tools-for-stm32.7-2018-q2-update.win32_1.4.0.202007081208/tools/bin/../lib/gcc/arm-none-eabi/7.3.1/thumb/v7e-m/fpv4-sp/hard\libgcc.a(_dvmd_tls.o)
                0x000000000800058c                __aeabi_idiv0
                0x000000000800058c                __aeabi_ldiv0
 *(.text*)
 .text.main     0x0000000008000590       0xd4 Core/Src/main.o
                0x0000000008000590                main
 .text.SystemClock_Config
                0x0000000008000664       0xbc Core/Src/main.o
                0x0000000008000664                SystemClock_Config
 .text.MX_ADC1_Init
                0x0000000008000720      0x114 Core/Src/main.o
 .text.MX_USART2_UART_Init
                0x0000000008000834       0x54 Core/Src/main.o
 .text.MX_DMA_Init
                0x0000000008000888       0x40 Core/Src/main.o
 .text.MX_GPIO_Init
                0x00000000080008c8       0x88 Core/Src/main.o
 .text.Error_Handler
                0x0000000008000950        0xe Core/Src/main.o
                0x0000000008000950                Error_Handler
 *fill*         0x000000000800095e        0x2 
 .text.HAL_MspInit
                0x0000000008000960       0x50 Core/Src/stm32f4xx_hal_msp.o
                0x0000000008000960                HAL_MspInit
 .text.HAL_ADC_MspInit
                0x00000000080009b0      0x160 Core/Src/stm32f4xx_hal_msp.o
                0x00000000080009b0                HAL_ADC_MspInit
 .text.HAL_UART_MspInit
                0x0000000008000b10       0x90 Core/Src/stm32f4xx_hal_msp.o
                0x0000000008000b10                HAL_UART_MspInit
 .text.NMI_Handler
                0x0000000008000ba0        0xe Core/Src/stm32f4xx_it.o
                0x0000000008000ba0                NMI_Handler
 .text.HardFault_Handler
                0x0000000008000bae        0x6 Core/Src/stm32f4xx_it.o
                0x0000000008000bae                HardFault_Handler
 .text.MemManage_Handler
                0x0000000008000bb4        0x6 Core/Src/stm32f4xx_it.o
                0x0000000008000bb4                MemManage_Handler
 .text.BusFault_Handler
                0x0000000008000bba        0x6 Core/Src/stm32f4xx_it.o
                0x0000000008000bba                BusFault_Handler
 .text.UsageFault_Handler
                0x0000000008000bc0        0x6 Core/Src/stm32f4xx_it.o
                0x0000000008000bc0                UsageFault_Handler
 .text.SVC_Handler
                0x0000000008000bc6        0xe Core/Src/stm32f4xx_it.o
                0x0000000008000bc6                SVC_Handler
 .text.DebugMon_Handler
                0x0000000008000bd4        0xe Core/Src/stm32f4xx_it.o
                0x0000000008000bd4                DebugMon_Handler
 .text.PendSV_Handler
                0x0000000008000be2        0xe Core/Src/stm32f4xx_it.o
                0x0000000008000be2                PendSV_Handler
 .text.SysTick_Handler
                0x0000000008000bf0        0xc Core/Src/stm32f4xx_it.o
                0x0000000008000bf0                SysTick_Handler
 .text.DMA2_Stream0_IRQHandler
                0x0000000008000bfc       0x14 Core/Src/stm32f4xx_it.o
                0x0000000008000bfc                DMA2_Stream0_IRQHandler
 .text._sbrk    0x0000000008000c10       0x6c Core/Src/sysmem.o
                0x0000000008000c10                _sbrk
 .text.SystemInit
                0x0000000008000c7c       0x2c Core/Src/system_stm32f4xx.o
                0x0000000008000c7c                SystemInit
 .text.Reset_Handler
                0x0000000008000ca8       0x50 Core/Startup/startup_stm32f411retx.o
                0x0000000008000ca8                Reset_Handler
 .text.Default_Handler
                0x0000000008000cf8        0x2 Core/Startup/startup_stm32f411retx.o
                0x0000000008000cf8                RTC_Alarm_IRQHandler
                0x0000000008000cf8                EXTI2_IRQHandler
                0x0000000008000cf8                SPI4_IRQHandler
                0x0000000008000cf8                TIM1_CC_IRQHandler
                0x0000000008000cf8                DMA2_Stream5_IRQHandler
                0x0000000008000cf8                DMA1_Stream5_IRQHandler
                0x0000000008000cf8                PVD_IRQHandler
                0x0000000008000cf8                SDIO_IRQHandler
                0x0000000008000cf8                TAMP_STAMP_IRQHandler
                0x0000000008000cf8                EXTI3_IRQHandler
                0x0000000008000cf8                TIM1_UP_TIM10_IRQHandler
                0x0000000008000cf8                I2C3_ER_IRQHandler
                0x0000000008000cf8                EXTI0_IRQHandler
                0x0000000008000cf8                I2C2_EV_IRQHandler
                0x0000000008000cf8                DMA1_Stream2_IRQHandler
                0x0000000008000cf8                FPU_IRQHandler
                0x0000000008000cf8                DMA2_Stream2_IRQHandler
                0x0000000008000cf8                SPI1_IRQHandler
                0x0000000008000cf8                TIM1_BRK_TIM9_IRQHandler
                0x0000000008000cf8                DMA2_Stream3_IRQHandler
                0x0000000008000cf8                USART6_IRQHandler
                0x0000000008000cf8                TIM4_IRQHandler
                0x0000000008000cf8                I2C1_EV_IRQHandler
                0x0000000008000cf8                DMA1_Stream6_IRQHandler
                0x0000000008000cf8                DMA1_Stream1_IRQHandler
                0x0000000008000cf8                TIM3_IRQHandler
                0x0000000008000cf8                RCC_IRQHandler
                0x0000000008000cf8                Default_Handler
                0x0000000008000cf8                EXTI15_10_IRQHandler
                0x0000000008000cf8                ADC_IRQHandler
                0x0000000008000cf8                DMA1_Stream7_IRQHandler
                0x0000000008000cf8                SPI5_IRQHandler
                0x0000000008000cf8                TIM5_IRQHandler
                0x0000000008000cf8                DMA2_Stream7_IRQHandler
                0x0000000008000cf8                I2C3_EV_IRQHandler
                0x0000000008000cf8                EXTI9_5_IRQHandler
                0x0000000008000cf8                RTC_WKUP_IRQHandler
                0x0000000008000cf8                SPI2_IRQHandler
                0x0000000008000cf8                DMA1_Stream0_IRQHandler
                0x0000000008000cf8                EXTI4_IRQHandler
                0x0000000008000cf8                WWDG_IRQHandler
                0x0000000008000cf8                TIM2_IRQHandler
                0x0000000008000cf8                OTG_FS_WKUP_IRQHandler
                0x0000000008000cf8                TIM1_TRG_COM_TIM11_IRQHandler
                0x0000000008000cf8                EXTI1_IRQHandler
                0x0000000008000cf8                USART2_IRQHandler
                0x0000000008000cf8                I2C2_ER_IRQHandler
                0x0000000008000cf8                DMA2_Stream1_IRQHandler
                0x0000000008000cf8                FLASH_IRQHandler
                0x0000000008000cf8                DMA2_Stream4_IRQHandler
                0x0000000008000cf8                USART1_IRQHandler
                0x0000000008000cf8                OTG_FS_IRQHandler
                0x0000000008000cf8                SPI3_IRQHandler
                0x0000000008000cf8                DMA1_Stream4_IRQHandler
                0x0000000008000cf8                I2C1_ER_IRQHandler
                0x0000000008000cf8                DMA2_Stream6_IRQHandler
                0x0000000008000cf8                DMA1_Stream3_IRQHandler
 *fill*         0x0000000008000cfa        0x2 
 .text.HAL_Init
                0x0000000008000cfc       0x44 Drivers/STM32F4xx_HAL_Driver/Src/stm32f4xx_hal.o
                0x0000000008000cfc                HAL_Init
 .text.HAL_InitTick
                0x0000000008000d40       0x60 Drivers/STM32F4xx_HAL_Driver/Src/stm32f4xx_hal.o
                0x0000000008000d40                HAL_InitTick
 .text.HAL_IncTick
                0x0000000008000da0       0x28 Drivers/STM32F4xx_HAL_Driver/Src/stm32f4xx_hal.o
                0x0000000008000da0                HAL_IncTick
 .text.HAL_GetTick
                0x0000000008000dc8       0x18 Drivers/STM32F4xx_HAL_Driver/Src/stm32f4xx_hal.o
                0x0000000008000dc8                HAL_GetTick
 .text.HAL_Delay
                0x0000000008000de0       0x44 Drivers/STM32F4xx_HAL_Driver/Src/stm32f4xx_hal.o
                0x0000000008000de0                HAL_Delay
 .text.HAL_ADC_Init
                0x0000000008000e24       0x86 Drivers/STM32F4xx_HAL_Driver/Src/stm32f4xx_hal_adc.o
                0x0000000008000e24                HAL_ADC_Init
 .text.HAL_ADC_PollForConversion
                0x0000000008000eaa      0x108 Drivers/STM32F4xx_HAL_Driver/Src/stm32f4xx_hal_adc.o
                0x0000000008000eaa                HAL_ADC_PollForConversion
 *fill*         0x0000000008000fb2        0x2 
 .text.HAL_ADC_Start_DMA
                0x0000000008000fb4      0x1a8 Drivers/STM32F4xx_HAL_Driver/Src/stm32f4xx_hal_adc.o
                0x0000000008000fb4                HAL_ADC_Start_DMA
 .text.HAL_ADC_Stop_DMA
                0x000000000800115c       0x94 Drivers/STM32F4xx_HAL_Driver/Src/stm32f4xx_hal_adc.o
                0x000000000800115c                HAL_ADC_Stop_DMA
 .text.HAL_ADC_ConvCpltCallback
                0x00000000080011f0       0x14 Drivers/STM32F4xx_HAL_Driver/Src/stm32f4xx_hal_adc.o
                0x00000000080011f0                HAL_ADC_ConvCpltCallback
 .text.HAL_ADC_ConvHalfCpltCallback
                0x0000000008001204       0x14 Drivers/STM32F4xx_HAL_Driver/Src/stm32f4xx_hal_adc.o
                0x0000000008001204                HAL_ADC_ConvHalfCpltCallback
 .text.HAL_ADC_ErrorCallback
                0x0000000008001218       0x14 Drivers/STM32F4xx_HAL_Driver/Src/stm32f4xx_hal_adc.o
                0x0000000008001218                HAL_ADC_ErrorCallback
 .text.HAL_ADC_ConfigChannel
                0x000000000800122c      0x264 Drivers/STM32F4xx_HAL_Driver/Src/stm32f4xx_hal_adc.o
                0x000000000800122c                HAL_ADC_ConfigChannel
 .text.ADC_Init
                0x0000000008001490      0x1f8 Drivers/STM32F4xx_HAL_Driver/Src/stm32f4xx_hal_adc.o
 .text.ADC_DMAConvCplt
                0x0000000008001688       0xba Drivers/STM32F4xx_HAL_Driver/Src/stm32f4xx_hal_adc.o
 .text.ADC_DMAHalfConvCplt
                0x0000000008001742       0x1c Drivers/STM32F4xx_HAL_Driver/Src/stm32f4xx_hal_adc.o
 .text.ADC_DMAError
                0x000000000800175e       0x2e Drivers/STM32F4xx_HAL_Driver/Src/stm32f4xx_hal_adc.o
 .text.__NVIC_SetPriorityGrouping
                0x000000000800178c       0x48 Drivers/STM32F4xx_HAL_Driver/Src/stm32f4xx_hal_cortex.o
 .text.__NVIC_GetPriorityGrouping
                0x00000000080017d4       0x1c Drivers/STM32F4xx_HAL_Driver/Src/stm32f4xx_hal_cortex.o
 .text.__NVIC_EnableIRQ
                0x00000000080017f0       0x3c Drivers/STM32F4xx_HAL_Driver/Src/stm32f4xx_hal_cortex.o
 .text.__NVIC_SetPriority
                0x000000000800182c       0x54 Drivers/STM32F4xx_HAL_Driver/Src/stm32f4xx_hal_cortex.o
 .text.NVIC_EncodePriority
                0x0000000008001880       0x66 Drivers/STM32F4xx_HAL_Driver/Src/stm32f4xx_hal_cortex.o
 *fill*         0x00000000080018e6        0x2 
 .text.SysTick_Config
                0x00000000080018e8       0x44 Drivers/STM32F4xx_HAL_Driver/Src/stm32f4xx_hal_cortex.o
 .text.HAL_NVIC_SetPriorityGrouping
                0x000000000800192c       0x16 Drivers/STM32F4xx_HAL_Driver/Src/stm32f4xx_hal_cortex.o
                0x000000000800192c                HAL_NVIC_SetPriorityGrouping
 .text.HAL_NVIC_SetPriority
                0x0000000008001942       0x38 Drivers/STM32F4xx_HAL_Driver/Src/stm32f4xx_hal_cortex.o
                0x0000000008001942                HAL_NVIC_SetPriority
 .text.HAL_NVIC_EnableIRQ
                0x000000000800197a       0x1c Drivers/STM32F4xx_HAL_Driver/Src/stm32f4xx_hal_cortex.o
                0x000000000800197a                HAL_NVIC_EnableIRQ
 .text.HAL_SYSTICK_Config
                0x0000000008001996       0x18 Drivers/STM32F4xx_HAL_Driver/Src/stm32f4xx_hal_cortex.o
                0x0000000008001996                HAL_SYSTICK_Config
 *fill*         0x00000000080019ae        0x2 
 .text.HAL_DMA_Init
                0x00000000080019b0      0x15c Drivers/STM32F4xx_HAL_Driver/Src/stm32f4xx_hal_dma.o
                0x00000000080019b0                HAL_DMA_Init
 .text.HAL_DMA_Start_IT
                0x0000000008001b0c       0xb0 Drivers/STM32F4xx_HAL_Driver/Src/stm32f4xx_hal_dma.o
                0x0000000008001b0c                HAL_DMA_Start_IT
 .text.HAL_DMA_Abort
                0x0000000008001bbc       0xe0 Drivers/STM32F4xx_HAL_Driver/Src/stm32f4xx_hal_dma.o
                0x0000000008001bbc                HAL_DMA_Abort
 .text.HAL_DMA_IRQHandler
                0x0000000008001c9c      0x314 Drivers/STM32F4xx_HAL_Driver/Src/stm32f4xx_hal_dma.o
                0x0000000008001c9c                HAL_DMA_IRQHandler
 .text.DMA_SetConfig
                0x0000000008001fb0       0x5c Drivers/STM32F4xx_HAL_Driver/Src/stm32f4xx_hal_dma.o
 .text.DMA_CalcBaseAndBitshift
                0x000000000800200c       0x6c Drivers/STM32F4xx_HAL_Driver/Src/stm32f4xx_hal_dma.o
 .text.DMA_CheckFifoParam
                0x0000000008002078       0xf4 Drivers/STM32F4xx_HAL_Driver/Src/stm32f4xx_hal_dma.o
 .text.HAL_GPIO_Init
                0x000000000800216c      0x304 Drivers/STM32F4xx_HAL_Driver/Src/stm32f4xx_hal_gpio.o
                0x000000000800216c                HAL_GPIO_Init
 .text.HAL_RCC_OscConfig
                0x0000000008002470      0x4e0 Drivers/STM32F4xx_HAL_Driver/Src/stm32f4xx_hal_rcc.o
                0x0000000008002470                HAL_RCC_OscConfig
 .text.HAL_RCC_ClockConfig
                0x0000000008002950      0x1cc Drivers/STM32F4xx_HAL_Driver/Src/stm32f4xx_hal_rcc.o
                0x0000000008002950                HAL_RCC_ClockConfig
 .text.HAL_RCC_GetSysClockFreq
                0x0000000008002b1c      0x164 Drivers/STM32F4xx_HAL_Driver/Src/stm32f4xx_hal_rcc.o
                0x0000000008002b1c                HAL_RCC_GetSysClockFreq
 .text.HAL_RCC_GetHCLKFreq
                0x0000000008002c80       0x18 Drivers/STM32F4xx_HAL_Driver/Src/stm32f4xx_hal_rcc.o
                0x0000000008002c80                HAL_RCC_GetHCLKFreq
 .text.HAL_RCC_GetPCLK1Freq
                0x0000000008002c98       0x28 Drivers/STM32F4xx_HAL_Driver/Src/stm32f4xx_hal_rcc.o
                0x0000000008002c98                HAL_RCC_GetPCLK1Freq
 .text.HAL_RCC_GetPCLK2Freq
                0x0000000008002cc0       0x28 Drivers/STM32F4xx_HAL_Driver/Src/stm32f4xx_hal_rcc.o
                0x0000000008002cc0                HAL_RCC_GetPCLK2Freq
 .text.HAL_UART_Init
                0x0000000008002ce8       0x9a Drivers/STM32F4xx_HAL_Driver/Src/stm32f4xx_hal_uart.o
                0x0000000008002ce8                HAL_UART_Init
 .text.HAL_UART_Transmit
                0x0000000008002d82      0x132 Drivers/STM32F4xx_HAL_Driver/Src/stm32f4xx_hal_uart.o
                0x0000000008002d82                HAL_UART_Transmit
 .text.UART_WaitOnFlagUntilTimeout
                0x0000000008002eb4       0x94 Drivers/STM32F4xx_HAL_Driver/Src/stm32f4xx_hal_uart.o
 .text.UART_SetConfig
                0x0000000008002f48      0x6f8 Drivers/STM32F4xx_HAL_Driver/Src/stm32f4xx_hal_uart.o
 .text.__errno  0x0000000008003640        0xc d:/st/stm32cubeide_1.4.0/stm32cubeide/plugins/com.st.stm32cube.ide.mcu.externaltools.gnu-tools-for-stm32.7-2018-q2-update.win32_1.4.0.202007081208/tools/bin/../lib/gcc/arm-none-eabi/7.3.1/../../../../arm-none-eabi/lib/thumb/v7e-m/fpv4-sp/hard\libc_nano.a(lib_a-errno.o)
                0x0000000008003640                __errno
 .text.__libc_init_array
                0x000000000800364c       0x48 d:/st/stm32cubeide_1.4.0/stm32cubeide/plugins/com.st.stm32cube.ide.mcu.externaltools.gnu-tools-for-stm32.7-2018-q2-update.win32_1.4.0.202007081208/tools/bin/../lib/gcc/arm-none-eabi/7.3.1/../../../../arm-none-eabi/lib/thumb/v7e-m/fpv4-sp/hard\libc_nano.a(lib_a-init.o)
                0x000000000800364c                __libc_init_array
 .text.memset   0x0000000008003694       0x10 d:/st/stm32cubeide_1.4.0/stm32cubeide/plugins/com.st.stm32cube.ide.mcu.externaltools.gnu-tools-for-stm32.7-2018-q2-update.win32_1.4.0.202007081208/tools/bin/../lib/gcc/arm-none-eabi/7.3.1/../../../../arm-none-eabi/lib/thumb/v7e-m/fpv4-sp/hard\libc_nano.a(lib_a-memset.o)
                0x0000000008003694                memset
 .text.sprintf  0x00000000080036a4       0x40 d:/st/stm32cubeide_1.4.0/stm32cubeide/plugins/com.st.stm32cube.ide.mcu.externaltools.gnu-tools-for-stm32.7-2018-q2-update.win32_1.4.0.202007081208/tools/bin/../lib/gcc/arm-none-eabi/7.3.1/../../../../arm-none-eabi/lib/thumb/v7e-m/fpv4-sp/hard\libc_nano.a(lib_a-sprintf.o)
                0x00000000080036a4                siprintf
                0x00000000080036a4                sprintf
 .text.__ssputs_r
                0x00000000080036e4       0xb4 d:/st/stm32cubeide_1.4.0/stm32cubeide/plugins/com.st.stm32cube.ide.mcu.externaltools.gnu-tools-for-stm32.7-2018-q2-update.win32_1.4.0.202007081208/tools/bin/../lib/gcc/arm-none-eabi/7.3.1/../../../../arm-none-eabi/lib/thumb/v7e-m/fpv4-sp/hard\libc_nano.a(lib_a-nano-svfprintf.o)
                0x00000000080036e4                __ssputs_r
 .text._svfprintf_r
                0x0000000008003798      0x1f0 d:/st/stm32cubeide_1.4.0/stm32cubeide/plugins/com.st.stm32cube.ide.mcu.externaltools.gnu-tools-for-stm32.7-2018-q2-update.win32_1.4.0.202007081208/tools/bin/../lib/gcc/arm-none-eabi/7.3.1/../../../../arm-none-eabi/lib/thumb/v7e-m/fpv4-sp/hard\libc_nano.a(lib_a-nano-svfprintf.o)
                0x0000000008003798                _svfiprintf_r
                0x0000000008003798                _svfprintf_r
 .text._printf_common
                0x0000000008003988       0xea d:/st/stm32cubeide_1.4.0/stm32cubeide/plugins/com.st.stm32cube.ide.mcu.externaltools.gnu-tools-for-stm32.7-2018-q2-update.win32_1.4.0.202007081208/tools/bin/../lib/gcc/arm-none-eabi/7.3.1/../../../../arm-none-eabi/lib/thumb/v7e-m/fpv4-sp/hard\libc_nano.a(lib_a-nano-vfprintf_i.o)
                0x0000000008003988                _printf_common
 *fill*         0x0000000008003a72        0x2 
 .text._printf_i
                0x0000000008003a74      0x224 d:/st/stm32cubeide_1.4.0/stm32cubeide/plugins/com.st.stm32cube.ide.mcu.externaltools.gnu-tools-for-stm32.7-2018-q2-update.win32_1.4.0.202007081208/tools/bin/../lib/gcc/arm-none-eabi/7.3.1/../../../../arm-none-eabi/lib/thumb/v7e-m/fpv4-sp/hard\libc_nano.a(lib_a-nano-vfprintf_i.o)
                0x0000000008003a74                _printf_i
 .text.memcpy   0x0000000008003c98       0x16 d:/st/stm32cubeide_1.4.0/stm32cubeide/plugins/com.st.stm32cube.ide.mcu.externaltools.gnu-tools-for-stm32.7-2018-q2-update.win32_1.4.0.202007081208/tools/bin/../lib/gcc/arm-none-eabi/7.3.1/../../../../arm-none-eabi/lib/thumb/v7e-m/fpv4-sp/hard\libc_nano.a(lib_a-memcpy-stub.o)
                0x0000000008003c98                memcpy
 .text.memmove  0x0000000008003cae       0x32 d:/st/stm32cubeide_1.4.0/stm32cubeide/plugins/com.st.stm32cube.ide.mcu.externaltools.gnu-tools-for-stm32.7-2018-q2-update.win32_1.4.0.202007081208/tools/bin/../lib/gcc/arm-none-eabi/7.3.1/../../../../arm-none-eabi/lib/thumb/v7e-m/fpv4-sp/hard\libc_nano.a(lib_a-memmove.o)
                0x0000000008003cae                memmove
 .text._free_r  0x0000000008003ce0       0x9c d:/st/stm32cubeide_1.4.0/stm32cubeide/plugins/com.st.stm32cube.ide.mcu.externaltools.gnu-tools-for-stm32.7-2018-q2-update.win32_1.4.0.202007081208/tools/bin/../lib/gcc/arm-none-eabi/7.3.1/../../../../arm-none-eabi/lib/thumb/v7e-m/fpv4-sp/hard\libc_nano.a(lib_a-nano-freer.o)
                0x0000000008003ce0                _free_r
 .text._malloc_r
                0x0000000008003d7c       0xb4 d:/st/stm32cubeide_1.4.0/stm32cubeide/plugins/com.st.stm32cube.ide.mcu.externaltools.gnu-tools-for-stm32.7-2018-q2-update.win32_1.4.0.202007081208/tools/bin/../lib/gcc/arm-none-eabi/7.3.1/../../../../arm-none-eabi/lib/thumb/v7e-m/fpv4-sp/hard\libc_nano.a(lib_a-nano-mallocr.o)
                0x0000000008003d7c                _malloc_r
 .text._realloc_r
                0x0000000008003e30       0x4c d:/st/stm32cubeide_1.4.0/stm32cubeide/plugins/com.st.stm32cube.ide.mcu.externaltools.gnu-tools-for-stm32.7-2018-q2-update.win32_1.4.0.202007081208/tools/bin/../lib/gcc/arm-none-eabi/7.3.1/../../../../arm-none-eabi/lib/thumb/v7e-m/fpv4-sp/hard\libc_nano.a(lib_a-nano-reallocr.o)
                0x0000000008003e30                _realloc_r
 .text._sbrk_r  0x0000000008003e7c       0x20 d:/st/stm32cubeide_1.4.0/stm32cubeide/plugins/com.st.stm32cube.ide.mcu.externaltools.gnu-tools-for-stm32.7-2018-q2-update.win32_1.4.0.202007081208/tools/bin/../lib/gcc/arm-none-eabi/7.3.1/../../../../arm-none-eabi/lib/thumb/v7e-m/fpv4-sp/hard\libc_nano.a(lib_a-sbrkr.o)
                0x0000000008003e7c                _sbrk_r
 .text.__malloc_lock
                0x0000000008003e9c        0x2 d:/st/stm32cubeide_1.4.0/stm32cubeide/plugins/com.st.stm32cube.ide.mcu.externaltools.gnu-tools-for-stm32.7-2018-q2-update.win32_1.4.0.202007081208/tools/bin/../lib/gcc/arm-none-eabi/7.3.1/../../../../arm-none-eabi/lib/thumb/v7e-m/fpv4-sp/hard\libc_nano.a(lib_a-mlock.o)
                0x0000000008003e9c                __malloc_lock
 .text.__malloc_unlock
                0x0000000008003e9e        0x2 d:/st/stm32cubeide_1.4.0/stm32cubeide/plugins/com.st.stm32cube.ide.mcu.externaltools.gnu-tools-for-stm32.7-2018-q2-update.win32_1.4.0.202007081208/tools/bin/../lib/gcc/arm-none-eabi/7.3.1/../../../../arm-none-eabi/lib/thumb/v7e-m/fpv4-sp/hard\libc_nano.a(lib_a-mlock.o)
                0x0000000008003e9e                __malloc_unlock
 .text._malloc_usable_size_r
                0x0000000008003ea0       0x10 d:/st/stm32cubeide_1.4.0/stm32cubeide/plugins/com.st.stm32cube.ide.mcu.externaltools.gnu-tools-for-stm32.7-2018-q2-update.win32_1.4.0.202007081208/tools/bin/../lib/gcc/arm-none-eabi/7.3.1/../../../../arm-none-eabi/lib/thumb/v7e-m/fpv4-sp/hard\libc_nano.a(lib_a-nano-msizer.o)
                0x0000000008003ea0                _malloc_usable_size_r
 *(.glue_7)
 .glue_7        0x0000000008003eb0        0x0 linker stubs
 *(.glue_7t)
 .glue_7t       0x0000000008003eb0        0x0 linker stubs
 *(.eh_frame)
 .eh_frame      0x0000000008003eb0        0x0 d:/st/stm32cubeide_1.4.0/stm32cubeide/plugins/com.st.stm32cube.ide.mcu.externaltools.gnu-tools-for-stm32.7-2018-q2-update.win32_1.4.0.202007081208/tools/bin/../lib/gcc/arm-none-eabi/7.3.1/thumb/v7e-m/fpv4-sp/hard/crtbegin.o
 *(.init)
 .init          0x0000000008003eb0        0x4 d:/st/stm32cubeide_1.4.0/stm32cubeide/plugins/com.st.stm32cube.ide.mcu.externaltools.gnu-tools-for-stm32.7-2018-q2-update.win32_1.4.0.202007081208/tools/bin/../lib/gcc/arm-none-eabi/7.3.1/thumb/v7e-m/fpv4-sp/hard/crti.o
                0x0000000008003eb0                _init
 .init          0x0000000008003eb4        0x8 d:/st/stm32cubeide_1.4.0/stm32cubeide/plugins/com.st.stm32cube.ide.mcu.externaltools.gnu-tools-for-stm32.7-2018-q2-update.win32_1.4.0.202007081208/tools/bin/../lib/gcc/arm-none-eabi/7.3.1/thumb/v7e-m/fpv4-sp/hard/crtn.o
 *(.fini)
 .fini          0x0000000008003ebc        0x4 d:/st/stm32cubeide_1.4.0/stm32cubeide/plugins/com.st.stm32cube.ide.mcu.externaltools.gnu-tools-for-stm32.7-2018-q2-update.win32_1.4.0.202007081208/tools/bin/../lib/gcc/arm-none-eabi/7.3.1/thumb/v7e-m/fpv4-sp/hard/crti.o
                0x0000000008003ebc                _fini
 .fini          0x0000000008003ec0        0x8 d:/st/stm32cubeide_1.4.0/stm32cubeide/plugins/com.st.stm32cube.ide.mcu.externaltools.gnu-tools-for-stm32.7-2018-q2-update.win32_1.4.0.202007081208/tools/bin/../lib/gcc/arm-none-eabi/7.3.1/thumb/v7e-m/fpv4-sp/hard/crtn.o
                0x0000000008003ec8                . = ALIGN (0x4)
                0x0000000008003ec8                _etext = .

.vfp11_veneer   0x0000000008003ec8        0x0
 .vfp11_veneer  0x0000000008003ec8        0x0 linker stubs

.v4_bx          0x0000000008003ec8        0x0
 .v4_bx         0x0000000008003ec8        0x0 linker stubs

.iplt           0x0000000008003ec8        0x0
 .iplt          0x0000000008003ec8        0x0 d:/st/stm32cubeide_1.4.0/stm32cubeide/plugins/com.st.stm32cube.ide.mcu.externaltools.gnu-tools-for-stm32.7-2018-q2-update.win32_1.4.0.202007081208/tools/bin/../lib/gcc/arm-none-eabi/7.3.1/thumb/v7e-m/fpv4-sp/hard/crtbegin.o

.rodata         0x0000000008003ec8       0x70
                0x0000000008003ec8                . = ALIGN (0x4)
 *(.rodata)
 .rodata        0x0000000008003ec8       0x1a Core/Src/main.o
 *(.rodata*)
 *fill*         0x0000000008003ee2        0x2 
 .rodata.AHBPrescTable
                0x0000000008003ee4       0x10 Core/Src/system_stm32f4xx.o
                0x0000000008003ee4                AHBPrescTable
 .rodata.APBPrescTable
                0x0000000008003ef4        0x8 Core/Src/system_stm32f4xx.o
                0x0000000008003ef4                APBPrescTable
 .rodata.flagBitshiftOffset.7600
                0x0000000008003efc        0x8 Drivers/STM32F4xx_HAL_Driver/Src/stm32f4xx_hal_dma.o
 .rodata._svfprintf_r.str1.1
                0x0000000008003f04       0x11 d:/st/stm32cubeide_1.4.0/stm32cubeide/plugins/com.st.stm32cube.ide.mcu.externaltools.gnu-tools-for-stm32.7-2018-q2-update.win32_1.4.0.202007081208/tools/bin/../lib/gcc/arm-none-eabi/7.3.1/../../../../arm-none-eabi/lib/thumb/v7e-m/fpv4-sp/hard\libc_nano.a(lib_a-nano-svfprintf.o)
 .rodata._printf_i.str1.1
                0x0000000008003f15       0x22 d:/st/stm32cubeide_1.4.0/stm32cubeide/plugins/com.st.stm32cube.ide.mcu.externaltools.gnu-tools-for-stm32.7-2018-q2-update.win32_1.4.0.202007081208/tools/bin/../lib/gcc/arm-none-eabi/7.3.1/../../../../arm-none-eabi/lib/thumb/v7e-m/fpv4-sp/hard\libc_nano.a(lib_a-nano-vfprintf_i.o)
                0x0000000008003f38                . = ALIGN (0x4)
 *fill*         0x0000000008003f37        0x1 

.ARM.extab      0x0000000008003f38        0x0
                0x0000000008003f38                . = ALIGN (0x4)
 *(.ARM.extab* .gnu.linkonce.armextab.*)
                0x0000000008003f38                . = ALIGN (0x4)

.ARM            0x0000000008003f38        0x8
                0x0000000008003f38                . = ALIGN (0x4)
                0x0000000008003f38                __exidx_start = .
 *(.ARM.exidx*)
 .ARM.exidx     0x0000000008003f38        0x8 d:/st/stm32cubeide_1.4.0/stm32cubeide/plugins/com.st.stm32cube.ide.mcu.externaltools.gnu-tools-for-stm32.7-2018-q2-update.win32_1.4.0.202007081208/tools/bin/../lib/gcc/arm-none-eabi/7.3.1/thumb/v7e-m/fpv4-sp/hard\libgcc.a(_udivmoddi4.o)
                0x0000000008003f40                __exidx_end = .
                0x0000000008003f40                . = ALIGN (0x4)

.rel.dyn        0x0000000008003f40        0x0
 .rel.iplt      0x0000000008003f40        0x0 d:/st/stm32cubeide_1.4.0/stm32cubeide/plugins/com.st.stm32cube.ide.mcu.externaltools.gnu-tools-for-stm32.7-2018-q2-update.win32_1.4.0.202007081208/tools/bin/../lib/gcc/arm-none-eabi/7.3.1/thumb/v7e-m/fpv4-sp/hard/crtbegin.o

.preinit_array  0x0000000008003f40        0x0
                0x0000000008003f40                . = ALIGN (0x4)
                0x0000000008003f40                PROVIDE (__preinit_array_start = .)
 *(.preinit_array*)
                0x0000000008003f40                PROVIDE (__preinit_array_end = .)
                0x0000000008003f40                . = ALIGN (0x4)

.init_array     0x0000000008003f40        0x4
                0x0000000008003f40                . = ALIGN (0x4)
                0x0000000008003f40                PROVIDE (__init_array_start = .)
 *(SORT_BY_NAME(.init_array.*))
 *(.init_array*)
 .init_array    0x0000000008003f40        0x4 d:/st/stm32cubeide_1.4.0/stm32cubeide/plugins/com.st.stm32cube.ide.mcu.externaltools.gnu-tools-for-stm32.7-2018-q2-update.win32_1.4.0.202007081208/tools/bin/../lib/gcc/arm-none-eabi/7.3.1/thumb/v7e-m/fpv4-sp/hard/crtbegin.o
                0x0000000008003f44                PROVIDE (__init_array_end = .)
                0x0000000008003f44                . = ALIGN (0x4)

.fini_array     0x0000000008003f44        0x4
                0x0000000008003f44                . = ALIGN (0x4)
                [!provide]                        PROVIDE (__fini_array_start = .)
 *(SORT_BY_NAME(.fini_array.*))
 *(.fini_array*)
 .fini_array    0x0000000008003f44        0x4 d:/st/stm32cubeide_1.4.0/stm32cubeide/plugins/com.st.stm32cube.ide.mcu.externaltools.gnu-tools-for-stm32.7-2018-q2-update.win32_1.4.0.202007081208/tools/bin/../lib/gcc/arm-none-eabi/7.3.1/thumb/v7e-m/fpv4-sp/hard/crtbegin.o
                [!provide]                        PROVIDE (__fini_array_end = .)
                0x0000000008003f48                . = ALIGN (0x4)
                0x0000000008003f48                _sidata = LOADADDR (.data)

.data           0x0000000020000000       0x70 load address 0x0000000008003f48
                0x0000000020000000                . = ALIGN (0x4)
                0x0000000020000000                _sdata = .
 *(.data)
 *(.data*)
 .data.SystemCoreClock
                0x0000000020000000        0x4 Core/Src/system_stm32f4xx.o
                0x0000000020000000                SystemCoreClock
 .data.uwTickPrio
                0x0000000020000004        0x4 Drivers/STM32F4xx_HAL_Driver/Src/stm32f4xx_hal.o
                0x0000000020000004                uwTickPrio
 .data.uwTickFreq
                0x0000000020000008        0x1 Drivers/STM32F4xx_HAL_Driver/Src/stm32f4xx_hal.o
                0x0000000020000008                uwTickFreq
 *fill*         0x0000000020000009        0x3 
 .data._impure_ptr
                0x000000002000000c        0x4 d:/st/stm32cubeide_1.4.0/stm32cubeide/plugins/com.st.stm32cube.ide.mcu.externaltools.gnu-tools-for-stm32.7-2018-q2-update.win32_1.4.0.202007081208/tools/bin/../lib/gcc/arm-none-eabi/7.3.1/../../../../arm-none-eabi/lib/thumb/v7e-m/fpv4-sp/hard\libc_nano.a(lib_a-impure.o)
                0x000000002000000c                _impure_ptr
 .data.impure_data
                0x0000000020000010       0x60 d:/st/stm32cubeide_1.4.0/stm32cubeide/plugins/com.st.stm32cube.ide.mcu.externaltools.gnu-tools-for-stm32.7-2018-q2-update.win32_1.4.0.202007081208/tools/bin/../lib/gcc/arm-none-eabi/7.3.1/../../../../arm-none-eabi/lib/thumb/v7e-m/fpv4-sp/hard\libc_nano.a(lib_a-impure.o)
                0x0000000020000070                . = ALIGN (0x4)
                0x0000000020000070                _edata = .

.igot.plt       0x0000000020000070        0x0 load address 0x0000000008003fb8
 .igot.plt      0x0000000020000070        0x0 d:/st/stm32cubeide_1.4.0/stm32cubeide/plugins/com.st.stm32cube.ide.mcu.externaltools.gnu-tools-for-stm32.7-2018-q2-update.win32_1.4.0.202007081208/tools/bin/../lib/gcc/arm-none-eabi/7.3.1/thumb/v7e-m/fpv4-sp/hard/crtbegin.o
                0x0000000020000070                . = ALIGN (0x4)

.bss            0x0000000020000070      0x124 load address 0x0000000008003fb8
                0x0000000020000070                _sbss = .
                0x0000000020000070                __bss_start__ = _sbss
 *(.bss)
 .bss           0x0000000020000070       0x1c d:/st/stm32cubeide_1.4.0/stm32cubeide/plugins/com.st.stm32cube.ide.mcu.externaltools.gnu-tools-for-stm32.7-2018-q2-update.win32_1.4.0.202007081208/tools/bin/../lib/gcc/arm-none-eabi/7.3.1/thumb/v7e-m/fpv4-sp/hard/crtbegin.o
 *(.bss*)
 .bss.__sbrk_heap_end
                0x000000002000008c        0x4 Core/Src/sysmem.o
 .bss.__malloc_free_list
                0x0000000020000090        0x4 d:/st/stm32cubeide_1.4.0/stm32cubeide/plugins/com.st.stm32cube.ide.mcu.externaltools.gnu-tools-for-stm32.7-2018-q2-update.win32_1.4.0.202007081208/tools/bin/../lib/gcc/arm-none-eabi/7.3.1/../../../../arm-none-eabi/lib/thumb/v7e-m/fpv4-sp/hard\libc_nano.a(lib_a-nano-mallocr.o)
                0x0000000020000090                __malloc_free_list
 .bss.__malloc_sbrk_start
                0x0000000020000094        0x4 d:/st/stm32cubeide_1.4.0/stm32cubeide/plugins/com.st.stm32cube.ide.mcu.externaltools.gnu-tools-for-stm32.7-2018-q2-update.win32_1.4.0.202007081208/tools/bin/../lib/gcc/arm-none-eabi/7.3.1/../../../../arm-none-eabi/lib/thumb/v7e-m/fpv4-sp/hard\libc_nano.a(lib_a-nano-mallocr.o)
                0x0000000020000094                __malloc_sbrk_start
 *(COMMON)
 COMMON         0x0000000020000098       0xf4 Core/Src/main.o
                0x0000000020000098                hadc1
                0x00000000200000e0                buffer
                0x00000000200000ec                hdma_adc1
                0x000000002000014c                huart2
 COMMON         0x000000002000018c        0x4 Drivers/STM32F4xx_HAL_Driver/Src/stm32f4xx_hal.o
                0x000000002000018c                uwTick
 COMMON         0x0000000020000190        0x4 d:/st/stm32cubeide_1.4.0/stm32cubeide/plugins/com.st.stm32cube.ide.mcu.externaltools.gnu-tools-for-stm32.7-2018-q2-update.win32_1.4.0.202007081208/tools/bin/../lib/gcc/arm-none-eabi/7.3.1/../../../../arm-none-eabi/lib/thumb/v7e-m/fpv4-sp/hard\libc_nano.a(lib_a-reent.o)
                0x0000000020000190                errno
                0x0000000020000194                . = ALIGN (0x4)
                0x0000000020000194                _ebss = .
                0x0000000020000194                __bss_end__ = _ebss

._user_heap_stack
                0x0000000020000194      0x604 load address 0x0000000008003fb8
                0x0000000020000198                . = ALIGN (0x8)
 *fill*         0x0000000020000194        0x4 
                [!provide]                        PROVIDE (end = .)
                0x0000000020000198                PROVIDE (_end = .)
                0x0000000020000398                . = (. + _Min_Heap_Size)
 *fill*         0x0000000020000198      0x200 
                0x0000000020000798                . = (. + _Min_Stack_Size)
 *fill*         0x0000000020000398      0x400 
                0x0000000020000798                . = ALIGN (0x8)

/DISCARD/
 libc.a(*)
 libm.a(*)
 libgcc.a(*)

.ARM.attributes
                0x0000000000000000       0x30
 *(.ARM.attributes)
 .ARM.attributes
                0x0000000000000000       0x22 d:/st/stm32cubeide_1.4.0/stm32cubeide/plugins/com.st.stm32cube.ide.mcu.externaltools.gnu-tools-for-stm32.7-2018-q2-update.win32_1.4.0.202007081208/tools/bin/../lib/gcc/arm-none-eabi/7.3.1/thumb/v7e-m/fpv4-sp/hard/crti.o
 .ARM.attributes
                0x0000000000000022       0x34 d:/st/stm32cubeide_1.4.0/stm32cubeide/plugins/com.st.stm32cube.ide.mcu.externaltools.gnu-tools-for-stm32.7-2018-q2-update.win32_1.4.0.202007081208/tools/bin/../lib/gcc/arm-none-eabi/7.3.1/thumb/v7e-m/fpv4-sp/hard/crtbegin.o
 .ARM.attributes
                0x0000000000000056       0x39 Core/Src/main.o
 .ARM.attributes
                0x000000000000008f       0x39 Core/Src/stm32f4xx_hal_msp.o
 .ARM.attributes
                0x00000000000000c8       0x39 Core/Src/stm32f4xx_it.o
 .ARM.attributes
                0x0000000000000101       0x39 Core/Src/sysmem.o
 .ARM.attributes
                0x000000000000013a       0x39 Core/Src/system_stm32f4xx.o
 .ARM.attributes
                0x0000000000000173       0x21 Core/Startup/startup_stm32f411retx.o
 .ARM.attributes
                0x0000000000000194       0x39 Drivers/STM32F4xx_HAL_Driver/Src/stm32f4xx_hal.o
 .ARM.attributes
                0x00000000000001cd       0x39 Drivers/STM32F4xx_HAL_Driver/Src/stm32f4xx_hal_adc.o
 .ARM.attributes
                0x0000000000000206       0x39 Drivers/STM32F4xx_HAL_Driver/Src/stm32f4xx_hal_cortex.o
 .ARM.attributes
                0x000000000000023f       0x39 Drivers/STM32F4xx_HAL_Driver/Src/stm32f4xx_hal_dma.o
 .ARM.attributes
                0x0000000000000278       0x39 Drivers/STM32F4xx_HAL_Driver/Src/stm32f4xx_hal_gpio.o
 .ARM.attributes
                0x00000000000002b1       0x39 Drivers/STM32F4xx_HAL_Driver/Src/stm32f4xx_hal_rcc.o
 .ARM.attributes
                0x00000000000002ea       0x39 Drivers/STM32F4xx_HAL_Driver/Src/stm32f4xx_hal_uart.o
 .ARM.attributes
                0x0000000000000323       0x34 d:/st/stm32cubeide_1.4.0/stm32cubeide/plugins/com.st.stm32cube.ide.mcu.externaltools.gnu-tools-for-stm32.7-2018-q2-update.win32_1.4.0.202007081208/tools/bin/../lib/gcc/arm-none-eabi/7.3.1/../../../../arm-none-eabi/lib/thumb/v7e-m/fpv4-sp/hard\libc_nano.a(lib_a-errno.o)
 .ARM.attributes
                0x0000000000000357       0x34 d:/st/stm32cubeide_1.4.0/stm32cubeide/plugins/com.st.stm32cube.ide.mcu.externaltools.gnu-tools-for-stm32.7-2018-q2-update.win32_1.4.0.202007081208/tools/bin/../lib/gcc/arm-none-eabi/7.3.1/../../../../arm-none-eabi/lib/thumb/v7e-m/fpv4-sp/hard\libc_nano.a(lib_a-impure.o)
 .ARM.attributes
                0x000000000000038b       0x34 d:/st/stm32cubeide_1.4.0/stm32cubeide/plugins/com.st.stm32cube.ide.mcu.externaltools.gnu-tools-for-stm32.7-2018-q2-update.win32_1.4.0.202007081208/tools/bin/../lib/gcc/arm-none-eabi/7.3.1/../../../../arm-none-eabi/lib/thumb/v7e-m/fpv4-sp/hard\libc_nano.a(lib_a-init.o)
 .ARM.attributes
                0x00000000000003bf       0x34 d:/st/stm32cubeide_1.4.0/stm32cubeide/plugins/com.st.stm32cube.ide.mcu.externaltools.gnu-tools-for-stm32.7-2018-q2-update.win32_1.4.0.202007081208/tools/bin/../lib/gcc/arm-none-eabi/7.3.1/../../../../arm-none-eabi/lib/thumb/v7e-m/fpv4-sp/hard\libc_nano.a(lib_a-memset.o)
 .ARM.attributes
                0x00000000000003f3       0x34 d:/st/stm32cubeide_1.4.0/stm32cubeide/plugins/com.st.stm32cube.ide.mcu.externaltools.gnu-tools-for-stm32.7-2018-q2-update.win32_1.4.0.202007081208/tools/bin/../lib/gcc/arm-none-eabi/7.3.1/../../../../arm-none-eabi/lib/thumb/v7e-m/fpv4-sp/hard\libc_nano.a(lib_a-sprintf.o)
 .ARM.attributes
                0x0000000000000427       0x1b d:/st/stm32cubeide_1.4.0/stm32cubeide/plugins/com.st.stm32cube.ide.mcu.externaltools.gnu-tools-for-stm32.7-2018-q2-update.win32_1.4.0.202007081208/tools/bin/../lib/gcc/arm-none-eabi/7.3.1/../../../../arm-none-eabi/lib/thumb/v7e-m/fpv4-sp/hard\libc_nano.a(lib_a-strlen.o)
 .ARM.attributes
                0x0000000000000442       0x34 d:/st/stm32cubeide_1.4.0/stm32cubeide/plugins/com.st.stm32cube.ide.mcu.externaltools.gnu-tools-for-stm32.7-2018-q2-update.win32_1.4.0.202007081208/tools/bin/../lib/gcc/arm-none-eabi/7.3.1/../../../../arm-none-eabi/lib/thumb/v7e-m/fpv4-sp/hard\libc_nano.a(lib_a-nano-svfprintf.o)
 .ARM.attributes
                0x0000000000000476       0x34 d:/st/stm32cubeide_1.4.0/stm32cubeide/plugins/com.st.stm32cube.ide.mcu.externaltools.gnu-tools-for-stm32.7-2018-q2-update.win32_1.4.0.202007081208/tools/bin/../lib/gcc/arm-none-eabi/7.3.1/../../../../arm-none-eabi/lib/thumb/v7e-m/fpv4-sp/hard\libc_nano.a(lib_a-nano-vfprintf_i.o)
 .ARM.attributes
                0x00000000000004aa       0x20 d:/st/stm32cubeide_1.4.0/stm32cubeide/plugins/com.st.stm32cube.ide.mcu.externaltools.gnu-tools-for-stm32.7-2018-q2-update.win32_1.4.0.202007081208/tools/bin/../lib/gcc/arm-none-eabi/7.3.1/../../../../arm-none-eabi/lib/thumb/v7e-m/fpv4-sp/hard\libc_nano.a(lib_a-memchr.o)
 .ARM.attributes
                0x00000000000004ca       0x34 d:/st/stm32cubeide_1.4.0/stm32cubeide/plugins/com.st.stm32cube.ide.mcu.externaltools.gnu-tools-for-stm32.7-2018-q2-update.win32_1.4.0.202007081208/tools/bin/../lib/gcc/arm-none-eabi/7.3.1/../../../../arm-none-eabi/lib/thumb/v7e-m/fpv4-sp/hard\libc_nano.a(lib_a-memcpy-stub.o)
 .ARM.attributes
                0x00000000000004fe       0x34 d:/st/stm32cubeide_1.4.0/stm32cubeide/plugins/com.st.stm32cube.ide.mcu.externaltools.gnu-tools-for-stm32.7-2018-q2-update.win32_1.4.0.202007081208/tools/bin/../lib/gcc/arm-none-eabi/7.3.1/../../../../arm-none-eabi/lib/thumb/v7e-m/fpv4-sp/hard\libc_nano.a(lib_a-memmove.o)
 .ARM.attributes
                0x0000000000000532       0x34 d:/st/stm32cubeide_1.4.0/stm32cubeide/plugins/com.st.stm32cube.ide.mcu.externaltools.gnu-tools-for-stm32.7-2018-q2-update.win32_1.4.0.202007081208/tools/bin/../lib/gcc/arm-none-eabi/7.3.1/../../../../arm-none-eabi/lib/thumb/v7e-m/fpv4-sp/hard\libc_nano.a(lib_a-nano-freer.o)
 .ARM.attributes
                0x0000000000000566       0x34 d:/st/stm32cubeide_1.4.0/stm32cubeide/plugins/com.st.stm32cube.ide.mcu.externaltools.gnu-tools-for-stm32.7-2018-q2-update.win32_1.4.0.202007081208/tools/bin/../lib/gcc/arm-none-eabi/7.3.1/../../../../arm-none-eabi/lib/thumb/v7e-m/fpv4-sp/hard\libc_nano.a(lib_a-nano-mallocr.o)
 .ARM.attributes
                0x000000000000059a       0x34 d:/st/stm32cubeide_1.4.0/stm32cubeide/plugins/com.st.stm32cube.ide.mcu.externaltools.gnu-tools-for-stm32.7-2018-q2-update.win32_1.4.0.202007081208/tools/bin/../lib/gcc/arm-none-eabi/7.3.1/../../../../arm-none-eabi/lib/thumb/v7e-m/fpv4-sp/hard\libc_nano.a(lib_a-nano-reallocr.o)
 .ARM.attributes
                0x00000000000005ce       0x34 d:/st/stm32cubeide_1.4.0/stm32cubeide/plugins/com.st.stm32cube.ide.mcu.externaltools.gnu-tools-for-stm32.7-2018-q2-update.win32_1.4.0.202007081208/tools/bin/../lib/gcc/arm-none-eabi/7.3.1/../../../../arm-none-eabi/lib/thumb/v7e-m/fpv4-sp/hard\libc_nano.a(lib_a-sbrkr.o)
 .ARM.attributes
                0x0000000000000602       0x34 d:/st/stm32cubeide_1.4.0/stm32cubeide/plugins/com.st.stm32cube.ide.mcu.externaltools.gnu-tools-for-stm32.7-2018-q2-update.win32_1.4.0.202007081208/tools/bin/../lib/gcc/arm-none-eabi/7.3.1/../../../../arm-none-eabi/lib/thumb/v7e-m/fpv4-sp/hard\libc_nano.a(lib_a-mlock.o)
 .ARM.attributes
                0x0000000000000636       0x34 d:/st/stm32cubeide_1.4.0/stm32cubeide/plugins/com.st.stm32cube.ide.mcu.externaltools.gnu-tools-for-stm32.7-2018-q2-update.win32_1.4.0.202007081208/tools/bin/../lib/gcc/arm-none-eabi/7.3.1/../../../../arm-none-eabi/lib/thumb/v7e-m/fpv4-sp/hard\libc_nano.a(lib_a-nano-msizer.o)
 .ARM.attributes
                0x000000000000066a       0x34 d:/st/stm32cubeide_1.4.0/stm32cubeide/plugins/com.st.stm32cube.ide.mcu.externaltools.gnu-tools-for-stm32.7-2018-q2-update.win32_1.4.0.202007081208/tools/bin/../lib/gcc/arm-none-eabi/7.3.1/../../../../arm-none-eabi/lib/thumb/v7e-m/fpv4-sp/hard\libc_nano.a(lib_a-reent.o)
 .ARM.attributes
                0x000000000000069e       0x22 d:/st/stm32cubeide_1.4.0/stm32cubeide/plugins/com.st.stm32cube.ide.mcu.externaltools.gnu-tools-for-stm32.7-2018-q2-update.win32_1.4.0.202007081208/tools/bin/../lib/gcc/arm-none-eabi/7.3.1/thumb/v7e-m/fpv4-sp/hard\libgcc.a(_aeabi_uldivmod.o)
 .ARM.attributes
                0x00000000000006c0       0x34 d:/st/stm32cubeide_1.4.0/stm32cubeide/plugins/com.st.stm32cube.ide.mcu.externaltools.gnu-tools-for-stm32.7-2018-q2-update.win32_1.4.0.202007081208/tools/bin/../lib/gcc/arm-none-eabi/7.3.1/thumb/v7e-m/fpv4-sp/hard\libgcc.a(_udivmoddi4.o)
 .ARM.attributes
                0x00000000000006f4       0x22 d:/st/stm32cubeide_1.4.0/stm32cubeide/plugins/com.st.stm32cube.ide.mcu.externaltools.gnu-tools-for-stm32.7-2018-q2-update.win32_1.4.0.202007081208/tools/bin/../lib/gcc/arm-none-eabi/7.3.1/thumb/v7e-m/fpv4-sp/hard\libgcc.a(_dvmd_tls.o)
 .ARM.attributes
                0x0000000000000716       0x22 d:/st/stm32cubeide_1.4.0/stm32cubeide/plugins/com.st.stm32cube.ide.mcu.externaltools.gnu-tools-for-stm32.7-2018-q2-update.win32_1.4.0.202007081208/tools/bin/../lib/gcc/arm-none-eabi/7.3.1/thumb/v7e-m/fpv4-sp/hard/crtn.o
OUTPUT(ADC.elf elf32-littlearm)

.debug_info     0x0000000000000000     0x874a
 .debug_info    0x0000000000000000     0x172d Core/Src/main.o
 .debug_info    0x000000000000172d      0xc95 Core/Src/stm32f4xx_hal_msp.o
 .debug_info    0x00000000000023c2      0x46b Core/Src/stm32f4xx_it.o
 .debug_info    0x000000000000282d      0x985 Core/Src/sysmem.o
 .debug_info    0x00000000000031b2      0x57e Core/Src/system_stm32f4xx.o
 .debug_info    0x0000000000003730       0x22 Core/Startup/startup_stm32f411retx.o
 .debug_info    0x0000000000003752      0x8d5 Drivers/STM32F4xx_HAL_Driver/Src/stm32f4xx_hal.o
 .debug_info    0x0000000000004027      0xce6 Drivers/STM32F4xx_HAL_Driver/Src/stm32f4xx_hal_adc.o
 .debug_info    0x0000000000004d0d      0xd98 Drivers/STM32F4xx_HAL_Driver/Src/stm32f4xx_hal_cortex.o
 .debug_info    0x0000000000005aa5      0x960 Drivers/STM32F4xx_HAL_Driver/Src/stm32f4xx_hal_dma.o
 .debug_info    0x0000000000006405      0x7d7 Drivers/STM32F4xx_HAL_Driver/Src/stm32f4xx_hal_gpio.o
 .debug_info    0x0000000000006bdc      0x92a Drivers/STM32F4xx_HAL_Driver/Src/stm32f4xx_hal_rcc.o
 .debug_info    0x0000000000007506     0x1244 Drivers/STM32F4xx_HAL_Driver/Src/stm32f4xx_hal_uart.o

.debug_abbrev   0x0000000000000000     0x1725
 .debug_abbrev  0x0000000000000000      0x298 Core/Src/main.o
 .debug_abbrev  0x0000000000000298      0x18c Core/Src/stm32f4xx_hal_msp.o
 .debug_abbrev  0x0000000000000424      0x120 Core/Src/stm32f4xx_it.o
 .debug_abbrev  0x0000000000000544      0x19b Core/Src/sysmem.o
 .debug_abbrev  0x00000000000006df      0x12b Core/Src/system_stm32f4xx.o
 .debug_abbrev  0x000000000000080a       0x12 Core/Startup/startup_stm32f411retx.o
 .debug_abbrev  0x000000000000081c      0x1f2 Drivers/STM32F4xx_HAL_Driver/Src/stm32f4xx_hal.o
 .debug_abbrev  0x0000000000000a0e      0x1cd Drivers/STM32F4xx_HAL_Driver/Src/stm32f4xx_hal_adc.o
 .debug_abbrev  0x0000000000000bdb      0x2fa Drivers/STM32F4xx_HAL_Driver/Src/stm32f4xx_hal_cortex.o
 .debug_abbrev  0x0000000000000ed5      0x1f1 Drivers/STM32F4xx_HAL_Driver/Src/stm32f4xx_hal_dma.o
 .debug_abbrev  0x00000000000010c6      0x1c9 Drivers/STM32F4xx_HAL_Driver/Src/stm32f4xx_hal_gpio.o
 .debug_abbrev  0x000000000000128f      0x245 Drivers/STM32F4xx_HAL_Driver/Src/stm32f4xx_hal_rcc.o
 .debug_abbrev  0x00000000000014d4      0x251 Drivers/STM32F4xx_HAL_Driver/Src/stm32f4xx_hal_uart.o

.debug_aranges  0x0000000000000000      0x798
 .debug_aranges
                0x0000000000000000       0x50 Core/Src/main.o
 .debug_aranges
                0x0000000000000050       0x40 Core/Src/stm32f4xx_hal_msp.o
 .debug_aranges
                0x0000000000000090       0x68 Core/Src/stm32f4xx_it.o
 .debug_aranges
                0x00000000000000f8       0x20 Core/Src/sysmem.o
 .debug_aranges
                0x0000000000000118       0x28 Core/Src/system_stm32f4xx.o
 .debug_aranges
                0x0000000000000140       0x28 Core/Startup/startup_stm32f411retx.o
 .debug_aranges
                0x0000000000000168       0xf0 Drivers/STM32F4xx_HAL_Driver/Src/stm32f4xx_hal.o
 .debug_aranges
                0x0000000000000258       0xe8 Drivers/STM32F4xx_HAL_Driver/Src/stm32f4xx_hal_adc.o
 .debug_aranges
                0x0000000000000340      0x118 Drivers/STM32F4xx_HAL_Driver/Src/stm32f4xx_hal_cortex.o
 .debug_aranges
                0x0000000000000458       0x90 Drivers/STM32F4xx_HAL_Driver/Src/stm32f4xx_hal_dma.o
 .debug_aranges
                0x00000000000004e8       0x58 Drivers/STM32F4xx_HAL_Driver/Src/stm32f4xx_hal_gpio.o
 .debug_aranges
                0x0000000000000540       0x88 Drivers/STM32F4xx_HAL_Driver/Src/stm32f4xx_hal_rcc.o
 .debug_aranges
                0x00000000000005c8      0x1d0 Drivers/STM32F4xx_HAL_Driver/Src/stm32f4xx_hal_uart.o

.debug_ranges   0x0000000000000000      0x6d0
 .debug_ranges  0x0000000000000000       0x40 Core/Src/main.o
 .debug_ranges  0x0000000000000040       0x30 Core/Src/stm32f4xx_hal_msp.o
 .debug_ranges  0x0000000000000070       0x58 Core/Src/stm32f4xx_it.o
 .debug_ranges  0x00000000000000c8       0x10 Core/Src/sysmem.o
 .debug_ranges  0x00000000000000d8       0x18 Core/Src/system_stm32f4xx.o
 .debug_ranges  0x00000000000000f0       0x20 Core/Startup/startup_stm32f411retx.o
 .debug_ranges  0x0000000000000110       0xe0 Drivers/STM32F4xx_HAL_Driver/Src/stm32f4xx_hal.o
 .debug_ranges  0x00000000000001f0       0xd8 Drivers/STM32F4xx_HAL_Driver/Src/stm32f4xx_hal_adc.o
 .debug_ranges  0x00000000000002c8      0x108 Drivers/STM32F4xx_HAL_Driver/Src/stm32f4xx_hal_cortex.o
 .debug_ranges  0x00000000000003d0       0x80 Drivers/STM32F4xx_HAL_Driver/Src/stm32f4xx_hal_dma.o
 .debug_ranges  0x0000000000000450       0x48 Drivers/STM32F4xx_HAL_Driver/Src/stm32f4xx_hal_gpio.o
 .debug_ranges  0x0000000000000498       0x78 Drivers/STM32F4xx_HAL_Driver/Src/stm32f4xx_hal_rcc.o
 .debug_ranges  0x0000000000000510      0x1c0 Drivers/STM32F4xx_HAL_Driver/Src/stm32f4xx_hal_uart.o

.debug_macro    0x0000000000000000    0x16089
 .debug_macro   0x0000000000000000      0x363 Core/Src/main.o
 .debug_macro   0x0000000000000363      0xa5a Core/Src/main.o
 .debug_macro   0x0000000000000dbd      0x294 Core/Src/main.o
 .debug_macro   0x0000000000001051       0x2e Core/Src/main.o
 .debug_macro   0x000000000000107f       0x28 Core/Src/main.o
 .debug_macro   0x00000000000010a7       0x22 Core/Src/main.o
 .debug_macro   0x00000000000010c9       0x8e Core/Src/main.o
 .debug_macro   0x0000000000001157       0x51 Core/Src/main.o
 .debug_macro   0x00000000000011a8       0xef Core/Src/main.o
 .debug_macro   0x0000000000001297       0x6a Core/Src/main.o
 .debug_macro   0x0000000000001301      0x1df Core/Src/main.o
 .debug_macro   0x00000000000014e0       0x1c Core/Src/main.o
 .debug_macro   0x00000000000014fc       0x22 Core/Src/main.o
 .debug_macro   0x000000000000151e       0xdf Core/Src/main.o
 .debug_macro   0x00000000000015fd     0x102d Core/Src/main.o
 .debug_macro   0x000000000000262a      0x11f Core/Src/main.o
 .debug_macro   0x0000000000002749     0xb937 Core/Src/main.o
 .debug_macro   0x000000000000e080       0x43 Core/Src/main.o
 .debug_macro   0x000000000000e0c3     0x3659 Core/Src/main.o
 .debug_macro   0x000000000001171c      0x174 Core/Src/main.o
 .debug_macro   0x0000000000011890       0x5a Core/Src/main.o
 .debug_macro   0x00000000000118ea      0x447 Core/Src/main.o
 .debug_macro   0x0000000000011d31      0x9fe Core/Src/main.o
 .debug_macro   0x000000000001272f      0x117 Core/Src/main.o
 .debug_macro   0x0000000000012846      0x11b Core/Src/main.o
 .debug_macro   0x0000000000012961       0x27 Core/Src/main.o
 .debug_macro   0x0000000000012988      0x15f Core/Src/main.o
 .debug_macro   0x0000000000012ae7      0x287 Core/Src/main.o
 .debug_macro   0x0000000000012d6e       0x5f Core/Src/main.o
 .debug_macro   0x0000000000012dcd      0x236 Core/Src/main.o
 .debug_macro   0x0000000000013003      0x391 Core/Src/main.o
 .debug_macro   0x0000000000013394      0x17d Core/Src/main.o
 .debug_macro   0x0000000000013511       0xf9 Core/Src/main.o
 .debug_macro   0x000000000001360a      0x132 Core/Src/main.o
 .debug_macro   0x000000000001373c      0x264 Core/Src/main.o
 .debug_macro   0x00000000000139a0       0x2e Core/Src/main.o
 .debug_macro   0x00000000000139ce      0x11a Core/Src/main.o
 .debug_macro   0x0000000000013ae8       0x85 Core/Src/main.o
 .debug_macro   0x0000000000013b6d       0x89 Core/Src/main.o
 .debug_macro   0x0000000000013bf6      0x287 Core/Src/main.o
 .debug_macro   0x0000000000013e7d      0x126 Core/Src/main.o
 .debug_macro   0x0000000000013fa3       0x46 Core/Src/main.o
 .debug_macro   0x0000000000013fe9       0x18 Core/Src/main.o
 .debug_macro   0x0000000000014001       0x3c Core/Src/main.o
 .debug_macro   0x000000000001403d       0x34 Core/Src/main.o
 .debug_macro   0x0000000000014071       0x52 Core/Src/main.o
 .debug_macro   0x00000000000140c3       0x1f Core/Src/main.o
 .debug_macro   0x00000000000140e2       0x43 Core/Src/main.o
 .debug_macro   0x0000000000014125       0x20 Core/Src/main.o
 .debug_macro   0x0000000000014145      0x1a3 Core/Src/main.o
 .debug_macro   0x00000000000142e8      0x32a Core/Src/main.o
 .debug_macro   0x0000000000014612       0x10 Core/Src/main.o
 .debug_macro   0x0000000000014622       0x35 Core/Src/main.o
 .debug_macro   0x0000000000014657       0x20 Core/Src/main.o
 .debug_macro   0x0000000000014677       0x1c Core/Src/main.o
 .debug_macro   0x0000000000014693       0x10 Core/Src/main.o
 .debug_macro   0x00000000000146a3       0x10 Core/Src/main.o
 .debug_macro   0x00000000000146b3       0x1c Core/Src/main.o
 .debug_macro   0x00000000000146cf       0x52 Core/Src/main.o
 .debug_macro   0x0000000000014721       0x40 Core/Src/main.o
 .debug_macro   0x0000000000014761       0x10 Core/Src/main.o
 .debug_macro   0x0000000000014771       0x40 Core/Src/main.o
 .debug_macro   0x00000000000147b1       0xd7 Core/Src/main.o
 .debug_macro   0x0000000000014888       0x1c Core/Src/main.o
 .debug_macro   0x00000000000148a4       0x3d Core/Src/main.o
 .debug_macro   0x00000000000148e1       0x16 Core/Src/main.o
 .debug_macro   0x00000000000148f7      0x145 Core/Src/main.o
 .debug_macro   0x0000000000014a3c      0x1dd Core/Src/stm32f4xx_hal_msp.o
 .debug_macro   0x0000000000014c19      0x1e7 Core/Src/stm32f4xx_it.o
 .debug_macro   0x0000000000014e00       0xee Core/Src/sysmem.o
 .debug_macro   0x0000000000014eee      0x23b Core/Src/sysmem.o
 .debug_macro   0x0000000000015129      0x1d9 Core/Src/system_stm32f4xx.o
 .debug_macro   0x0000000000015302      0x233 Drivers/STM32F4xx_HAL_Driver/Src/stm32f4xx_hal.o
 .debug_macro   0x0000000000015535      0x1d4 Drivers/STM32F4xx_HAL_Driver/Src/stm32f4xx_hal_adc.o
 .debug_macro   0x0000000000015709      0x1d3 Drivers/STM32F4xx_HAL_Driver/Src/stm32f4xx_hal_cortex.o
 .debug_macro   0x00000000000158dc      0x1d9 Drivers/STM32F4xx_HAL_Driver/Src/stm32f4xx_hal_dma.o
 .debug_macro   0x0000000000015ab5      0x209 Drivers/STM32F4xx_HAL_Driver/Src/stm32f4xx_hal_gpio.o
 .debug_macro   0x0000000000015cbe      0x1f7 Drivers/STM32F4xx_HAL_Driver/Src/stm32f4xx_hal_rcc.o
 .debug_macro   0x0000000000015eb5      0x1d4 Drivers/STM32F4xx_HAL_Driver/Src/stm32f4xx_hal_uart.o

.debug_line     0x0000000000000000     0x6cf0
 .debug_line    0x0000000000000000      0x98b Core/Src/main.o
 .debug_line    0x000000000000098b      0x739 Core/Src/stm32f4xx_hal_msp.o
 .debug_line    0x00000000000010c4      0x777 Core/Src/stm32f4xx_it.o
 .debug_line    0x000000000000183b      0x4c7 Core/Src/sysmem.o
 .debug_line    0x0000000000001d02      0x6dc Core/Src/system_stm32f4xx.o
 .debug_line    0x00000000000023de       0x85 Core/Startup/startup_stm32f411retx.o
 .debug_line    0x0000000000002463      0x8c6 Drivers/STM32F4xx_HAL_Driver/Src/stm32f4xx_hal.o
 .debug_line    0x0000000000002d29      0xaee Drivers/STM32F4xx_HAL_Driver/Src/stm32f4xx_hal_adc.o
 .debug_line    0x0000000000003817      0x9ea Drivers/STM32F4xx_HAL_Driver/Src/stm32f4xx_hal_cortex.o
 .debug_line    0x0000000000004201      0x994 Drivers/STM32F4xx_HAL_Driver/Src/stm32f4xx_hal_dma.o
 .debug_line    0x0000000000004b95      0x869 Drivers/STM32F4xx_HAL_Driver/Src/stm32f4xx_hal_gpio.o
 .debug_line    0x00000000000053fe      0x91e Drivers/STM32F4xx_HAL_Driver/Src/stm32f4xx_hal_rcc.o
 .debug_line    0x0000000000005d1c      0xfd4 Drivers/STM32F4xx_HAL_Driver/Src/stm32f4xx_hal_uart.o

.debug_str      0x0000000000000000    0x8a15c
 .debug_str     0x0000000000000000    0x88144 Core/Src/main.o
                                      0x884cc (size before relaxing)
 .debug_str     0x0000000000088144       0xe5 Core/Src/stm32f4xx_hal_msp.o
                                      0x83f03 (size before relaxing)
 .debug_str     0x0000000000088229       0xd5 Core/Src/stm32f4xx_it.o
                                      0x83a6e (size before relaxing)
 .debug_str     0x00000000000882fe      0x4e9 Core/Src/sysmem.o
                                       0x5f5f (size before relaxing)
 .debug_str     0x00000000000887e7       0xc4 Core/Src/system_stm32f4xx.o
                                      0x8390b (size before relaxing)
 .debug_str     0x00000000000888ab       0x36 Core/Startup/startup_stm32f411retx.o
                                         0x6c (size before relaxing)
 .debug_str     0x00000000000888e1      0x58d Drivers/STM32F4xx_HAL_Driver/Src/stm32f4xx_hal.o
                                      0x84280 (size before relaxing)
 .debug_str     0x0000000000088e6e      0x2a2 Drivers/STM32F4xx_HAL_Driver/Src/stm32f4xx_hal_adc.o
                                      0x83e90 (size before relaxing)
 .debug_str     0x0000000000089110      0x392 Drivers/STM32F4xx_HAL_Driver/Src/stm32f4xx_hal_cortex.o
                                      0x8405d (size before relaxing)
 .debug_str     0x00000000000894a2      0x31d Drivers/STM32F4xx_HAL_Driver/Src/stm32f4xx_hal_dma.o
                                      0x83d0e (size before relaxing)
 .debug_str     0x00000000000897bf      0x228 Drivers/STM32F4xx_HAL_Driver/Src/stm32f4xx_hal_gpio.o
                                      0x83b4a (size before relaxing)
 .debug_str     0x00000000000899e7      0x259 Drivers/STM32F4xx_HAL_Driver/Src/stm32f4xx_hal_rcc.o
                                      0x83cf8 (size before relaxing)
 .debug_str     0x0000000000089c40      0x51c Drivers/STM32F4xx_HAL_Driver/Src/stm32f4xx_hal_uart.o
                                      0x84145 (size before relaxing)

.comment        0x0000000000000000       0x7b
 .comment       0x0000000000000000       0x7b Core/Src/main.o
                                         0x7c (size before relaxing)
 .comment       0x000000000000007b       0x7c Core/Src/stm32f4xx_hal_msp.o
 .comment       0x000000000000007b       0x7c Core/Src/stm32f4xx_it.o
 .comment       0x000000000000007b       0x7c Core/Src/sysmem.o
 .comment       0x000000000000007b       0x7c Core/Src/system_stm32f4xx.o
 .comment       0x000000000000007b       0x7c Drivers/STM32F4xx_HAL_Driver/Src/stm32f4xx_hal.o
 .comment       0x000000000000007b       0x7c Drivers/STM32F4xx_HAL_Driver/Src/stm32f4xx_hal_adc.o
 .comment       0x000000000000007b       0x7c Drivers/STM32F4xx_HAL_Driver/Src/stm32f4xx_hal_cortex.o
 .comment       0x000000000000007b       0x7c Drivers/STM32F4xx_HAL_Driver/Src/stm32f4xx_hal_dma.o
 .comment       0x000000000000007b       0x7c Drivers/STM32F4xx_HAL_Driver/Src/stm32f4xx_hal_gpio.o
 .comment       0x000000000000007b       0x7c Drivers/STM32F4xx_HAL_Driver/Src/stm32f4xx_hal_rcc.o
 .comment       0x000000000000007b       0x7c Drivers/STM32F4xx_HAL_Driver/Src/stm32f4xx_hal_uart.o

.debug_frame    0x0000000000000000     0x2148
 .debug_frame   0x0000000000000000      0x104 Core/Src/main.o
 .debug_frame   0x0000000000000104       0xc8 Core/Src/stm32f4xx_hal_msp.o
 .debug_frame   0x00000000000001cc      0x128 Core/Src/stm32f4xx_it.o
 .debug_frame   0x00000000000002f4       0x34 Core/Src/sysmem.o
 .debug_frame   0x0000000000000328       0x58 Core/Src/system_stm32f4xx.o
 .debug_frame   0x0000000000000380      0x374 Drivers/STM32F4xx_HAL_Driver/Src/stm32f4xx_hal.o
 .debug_frame   0x00000000000006f4      0x3fc Drivers/STM32F4xx_HAL_Driver/Src/stm32f4xx_hal_adc.o
 .debug_frame   0x0000000000000af0      0x498 Drivers/STM32F4xx_HAL_Driver/Src/stm32f4xx_hal_cortex.o
 .debug_frame   0x0000000000000f88      0x250 Drivers/STM32F4xx_HAL_Driver/Src/stm32f4xx_hal_dma.o
 .debug_frame   0x00000000000011d8      0x14c Drivers/STM32F4xx_HAL_Driver/Src/stm32f4xx_hal_gpio.o
 .debug_frame   0x0000000000001324      0x1f0 Drivers/STM32F4xx_HAL_Driver/Src/stm32f4xx_hal_rcc.o
 .debug_frame   0x0000000000001514      0x844 Drivers/STM32F4xx_HAL_Driver/Src/stm32f4xx_hal_uart.o
 .debug_frame   0x0000000000001d58       0x20 d:/st/stm32cubeide_1.4.0/stm32cubeide/plugins/com.st.stm32cube.ide.mcu.externaltools.gnu-tools-for-stm32.7-2018-q2-update.win32_1.4.0.202007081208/tools/bin/../lib/gcc/arm-none-eabi/7.3.1/../../../../arm-none-eabi/lib/thumb/v7e-m/fpv4-sp/hard\libc_nano.a(lib_a-errno.o)
 .debug_frame   0x0000000000001d78       0x2c d:/st/stm32cubeide_1.4.0/stm32cubeide/plugins/com.st.stm32cube.ide.mcu.externaltools.gnu-tools-for-stm32.7-2018-q2-update.win32_1.4.0.202007081208/tools/bin/../lib/gcc/arm-none-eabi/7.3.1/../../../../arm-none-eabi/lib/thumb/v7e-m/fpv4-sp/hard\libc_nano.a(lib_a-init.o)
 .debug_frame   0x0000000000001da4       0x20 d:/st/stm32cubeide_1.4.0/stm32cubeide/plugins/com.st.stm32cube.ide.mcu.externaltools.gnu-tools-for-stm32.7-2018-q2-update.win32_1.4.0.202007081208/tools/bin/../lib/gcc/arm-none-eabi/7.3.1/../../../../arm-none-eabi/lib/thumb/v7e-m/fpv4-sp/hard\libc_nano.a(lib_a-memset.o)
 .debug_frame   0x0000000000001dc4       0x6c d:/st/stm32cubeide_1.4.0/stm32cubeide/plugins/com.st.stm32cube.ide.mcu.externaltools.gnu-tools-for-stm32.7-2018-q2-update.win32_1.4.0.202007081208/tools/bin/../lib/gcc/arm-none-eabi/7.3.1/../../../../arm-none-eabi/lib/thumb/v7e-m/fpv4-sp/hard\libc_nano.a(lib_a-sprintf.o)
 .debug_frame   0x0000000000001e30       0x90 d:/st/stm32cubeide_1.4.0/stm32cubeide/plugins/com.st.stm32cube.ide.mcu.externaltools.gnu-tools-for-stm32.7-2018-q2-update.win32_1.4.0.202007081208/tools/bin/../lib/gcc/arm-none-eabi/7.3.1/../../../../arm-none-eabi/lib/thumb/v7e-m/fpv4-sp/hard\libc_nano.a(lib_a-nano-svfprintf.o)
 .debug_frame   0x0000000000001ec0       0x60 d:/st/stm32cubeide_1.4.0/stm32cubeide/plugins/com.st.stm32cube.ide.mcu.externaltools.gnu-tools-for-stm32.7-2018-q2-update.win32_1.4.0.202007081208/tools/bin/../lib/gcc/arm-none-eabi/7.3.1/../../../../arm-none-eabi/lib/thumb/v7e-m/fpv4-sp/hard\libc_nano.a(lib_a-nano-vfprintf_i.o)
 .debug_frame   0x0000000000001f20       0x28 d:/st/stm32cubeide_1.4.0/stm32cubeide/plugins/com.st.stm32cube.ide.mcu.externaltools.gnu-tools-for-stm32.7-2018-q2-update.win32_1.4.0.202007081208/tools/bin/../lib/gcc/arm-none-eabi/7.3.1/../../../../arm-none-eabi/lib/thumb/v7e-m/fpv4-sp/hard\libc_nano.a(lib_a-memcpy-stub.o)
 .debug_frame   0x0000000000001f48       0x28 d:/st/stm32cubeide_1.4.0/stm32cubeide/plugins/com.st.stm32cube.ide.mcu.externaltools.gnu-tools-for-stm32.7-2018-q2-update.win32_1.4.0.202007081208/tools/bin/../lib/gcc/arm-none-eabi/7.3.1/../../../../arm-none-eabi/lib/thumb/v7e-m/fpv4-sp/hard\libc_nano.a(lib_a-memmove.o)
 .debug_frame   0x0000000000001f70       0x38 d:/st/stm32cubeide_1.4.0/stm32cubeide/plugins/com.st.stm32cube.ide.mcu.externaltools.gnu-tools-for-stm32.7-2018-q2-update.win32_1.4.0.202007081208/tools/bin/../lib/gcc/arm-none-eabi/7.3.1/../../../../arm-none-eabi/lib/thumb/v7e-m/fpv4-sp/hard\libc_nano.a(lib_a-nano-freer.o)
 .debug_frame   0x0000000000001fa8       0x2c d:/st/stm32cubeide_1.4.0/stm32cubeide/plugins/com.st.stm32cube.ide.mcu.externaltools.gnu-tools-for-stm32.7-2018-q2-update.win32_1.4.0.202007081208/tools/bin/../lib/gcc/arm-none-eabi/7.3.1/../../../../arm-none-eabi/lib/thumb/v7e-m/fpv4-sp/hard\libc_nano.a(lib_a-nano-mallocr.o)
 .debug_frame   0x0000000000001fd4       0x3c d:/st/stm32cubeide_1.4.0/stm32cubeide/plugins/com.st.stm32cube.ide.mcu.externaltools.gnu-tools-for-stm32.7-2018-q2-update.win32_1.4.0.202007081208/tools/bin/../lib/gcc/arm-none-eabi/7.3.1/../../../../arm-none-eabi/lib/thumb/v7e-m/fpv4-sp/hard\libc_nano.a(lib_a-nano-reallocr.o)
 .debug_frame   0x0000000000002010       0x2c d:/st/stm32cubeide_1.4.0/stm32cubeide/plugins/com.st.stm32cube.ide.mcu.externaltools.gnu-tools-for-stm32.7-2018-q2-update.win32_1.4.0.202007081208/tools/bin/../lib/gcc/arm-none-eabi/7.3.1/../../../../arm-none-eabi/lib/thumb/v7e-m/fpv4-sp/hard\libc_nano.a(lib_a-sbrkr.o)
 .debug_frame   0x000000000000203c       0x30 d:/st/stm32cubeide_1.4.0/stm32cubeide/plugins/com.st.stm32cube.ide.mcu.externaltools.gnu-tools-for-stm32.7-2018-q2-update.win32_1.4.0.202007081208/tools/bin/../lib/gcc/arm-none-eabi/7.3.1/../../../../arm-none-eabi/lib/thumb/v7e-m/fpv4-sp/hard\libc_nano.a(lib_a-mlock.o)
 .debug_frame   0x000000000000206c       0x20 d:/st/stm32cubeide_1.4.0/stm32cubeide/plugins/com.st.stm32cube.ide.mcu.externaltools.gnu-tools-for-stm32.7-2018-q2-update.win32_1.4.0.202007081208/tools/bin/../lib/gcc/arm-none-eabi/7.3.1/../../../../arm-none-eabi/lib/thumb/v7e-m/fpv4-sp/hard\libc_nano.a(lib_a-nano-msizer.o)
 .debug_frame   0x000000000000208c       0x5c d:/st/stm32cubeide_1.4.0/stm32cubeide/plugins/com.st.stm32cube.ide.mcu.externaltools.gnu-tools-for-stm32.7-2018-q2-update.win32_1.4.0.202007081208/tools/bin/../lib/gcc/arm-none-eabi/7.3.1/../../../../arm-none-eabi/lib/thumb/v7e-m/fpv4-sp/hard\libc_nano.a(lib_a-reent.o)
 .debug_frame   0x00000000000020e8       0x2c d:/st/stm32cubeide_1.4.0/stm32cubeide/plugins/com.st.stm32cube.ide.mcu.externaltools.gnu-tools-for-stm32.7-2018-q2-update.win32_1.4.0.202007081208/tools/bin/../lib/gcc/arm-none-eabi/7.3.1/thumb/v7e-m/fpv4-sp/hard\libgcc.a(_aeabi_uldivmod.o)
 .debug_frame   0x0000000000002114       0x34 d:/st/stm32cubeide_1.4.0/stm32cubeide/plugins/com.st.stm32cube.ide.mcu.externaltools.gnu-tools-for-stm32.7-2018-q2-update.win32_1.4.0.202007081208/tools/bin/../lib/gcc/arm-none-eabi/7.3.1/thumb/v7e-m/fpv4-sp/hard\libgcc.a(_udivmoddi4.o)
